#! /usr/bin/vvp
:ivl_version "11.0 (stable)" "(v11_0)";
:ivl_delay_selection "TYPICAL";
:vpi_time_precision + 0;
:vpi_module "/usr/lib/ivl/system.vpi";
:vpi_module "/usr/lib/ivl/vhdl_sys.vpi";
:vpi_module "/usr/lib/ivl/vhdl_textio.vpi";
:vpi_module "/usr/lib/ivl/v2005_math.vpi";
:vpi_module "/usr/lib/ivl/va_math.vpi";
S_0x55bc32ce9d70 .scope module, "d_pc" "d_pc" 2 2;
 .timescale 0 0;
v0x55bc32d36ec0_0 .var "a", 31 0;
v0x55bc32d36fa0_0 .var "clk", 0 0;
v0x55bc32d37070_0 .var "reset", 0 0;
v0x55bc32d37170_0 .net "y", 31 0, v0x55bc32d36d30_0;  1 drivers
S_0x55bc32ce9f00 .scope module, "a_pc" "pc" 2 23, 3 7 0, S_0x55bc32ce9d70;
 .timescale 0 0;
    .port_info 0 /INPUT 1 "clk";
    .port_info 1 /INPUT 1 "reset";
    .port_info 2 /INPUT 32 "a";
    .port_info 3 /OUTPUT 32 "y";
P_0x55bc32cea0e0 .param/l "N" 1 3 13, C4<100>;
v0x55bc32d23820_0 .net "a", 31 0, v0x55bc32d36ec0_0;  1 drivers
v0x55bc32d36ba0_0 .net "clk", 0 0, v0x55bc32d36fa0_0;  1 drivers
v0x55bc32d36c60_0 .net "reset", 0 0, v0x55bc32d37070_0;  1 drivers
v0x55bc32d36d30_0 .var "y", 31 0;
E_0x55bc32d24050/0 .event edge, v0x55bc32d36c60_0;
E_0x55bc32d24050/1 .event posedge, v0x55bc32d36ba0_0;
E_0x55bc32d24050 .event/or E_0x55bc32d24050/0, E_0x55bc32d24050/1;
    .scope S_0x55bc32ce9f00;
T_0 ;
    %wait E_0x55bc32d24050;
    %load/vec4 v0x55bc32d36c60_0;
    %flag_set/vec4 8;
    %jmp/0xz  T_0.0, 8;
    %pushi/vec4 0, 0, 32;
    %assign/vec4 v0x55bc32d36d30_0, 0;
    %jmp T_0.1;
T_0.0 ;
    %load/vec4 v0x55bc32d23820_0;
    %addi 4, 0, 32;
    %assign/vec4 v0x55bc32d36d30_0, 0;
T_0.1 ;
    %jmp T_0;
    .thread T_0;
    .scope S_0x55bc32ce9d70;
T_1 ;
    %vpi_call 2 9 "$display", "time\011 a\011\011 y\011\011 clk" {0 0 0};
    %vpi_call 2 10 "$monitor", "%g\011 %h\011 %h\011 %h", $time, v0x55bc32d36ec0_0, v0x55bc32d37170_0, v0x55bc32d36fa0_0 {0 0 0};
    %pushi/vec4 0, 0, 1;
    %store/vec4 v0x55bc32d36fa0_0, 0, 1;
    %pushi/vec4 0, 0, 1;
    %store/vec4 v0x55bc32d37070_0, 0, 1;
    %pushi/vec4 112, 0, 32;
    %store/vec4 v0x55bc32d36ec0_0, 0, 32;
    %delay 5, 0;
    %load/vec4 v0x55bc32d37170_0;
    %assign/vec4 v0x55bc32d36ec0_0, 0;
    %delay 5, 0;
    %load/vec4 v0x55bc32d37170_0;
    %assign/vec4 v0x55bc32d36ec0_0, 0;
    %delay 5, 0;
    %vpi_call 2 18 "$finish" {0 0 0};
    %end;
    .thread T_1;
    .scope S_0x55bc32ce9d70;
T_2 ;
    %delay 2, 0;
    %load/vec4 v0x55bc32d36fa0_0;
    %inv;
    %store/vec4 v0x55bc32d36fa0_0, 0, 1;
    %jmp T_2;
    .thread T_2;
# The file index is used to find the file name in the following table.
:file_names 4;
    "N/A";
    "<interactive>";
    "d_pc.v";
    "./pc.v";
